// Jest Snapshot v1, https://goo.gl/fbAQLP

exports[`Footer renders correctly 1`] = `
<div>
  <div
    class="css-rayotx"
  >
    <div
      class="css-azx95j"
    >
      <h4
        class="chakra-heading css-1157erc"
      >
        Testing Demonstration ðŸ‘»
      </h4>
    </div>
  </div>
</div>
`;
